Đang đọc bảng crime trên Supabase ...
Có 257 dòng đang có LINKFOLDER.
  25/257
  50/257
  75/257
  100/257
  125/257
  150/257
  175/257
  200/257
  225/257
  250/257
  257/257

Đổi được 257/257 link.

CẢNH BÁO: 16 dòng có tên thư mục KHÁC HOTEN (link cũ có thể gán nhầm):
  045074010093  HOTEN="NGUYỄN VĂN TÂM"  thư mục="NGUYEN VAN TAM 1974"
  075066014496  HOTEN="NGUYỄN VĂN THÀNH"  thư mục="NGUYEN VAN TAM 1984"
  075081013645  HOTEN="NGUYỄN VĂN TRÍ"  thư mục="NGUYEN VAN TAM 1984"
  075084014426  HOTEN="NGUYỄN THÀNH TRUNG"  thư mục="NGUYEN THANH TRUNG 1984"
  075084017883  HOTEN="NGUYỄN VĂN TÂM"  thư mục="NGUYEN VAN TAM 1984"
  075084019928  HOTEN="NGUYỄN QUỐC CƯỜNG"  thư mục="NGUYEN QUOC CUONG 1984"
  075085009166  HOTEN="TRẦN MINH TÂM"  thư mục="TRAN MINH TAM 1985"
  075085022691  HOTEN="NGUYỄN BÁ HOÀNG TÚ UYÊN"  thư mục="NGUYEN ANH TUAN"
  075087007865  HOTEN="TRẦN MINH TÂM"  thư mục="TRAN MINH TAM 1987"
  075090014369  HOTEN="K' THANH PHÚ"  thư mục="K THANH PHU"
  075094014925  HOTEN="NGUYỄN QUỐC CƯỜNG"  thư mục="NGUYEN QUOC CUONG 1994"
  075095018033  HOTEN="K' THANH ĐÔNG"  thư mục="K THANH DONG"
  075098007116  HOTEN="NGUYỄN MINH TRUNG"  thư mục="NGUYEN MINH TRUNG 1998"
  075192016519  HOTEN="NGUYỄN THỊ THANH THỦY"  thư mục="NGUYEN THI NGOC THUY"
  075204005403  HOTEN="NGUYỄN THÀNH TRUNG"  thư mục="NGUYEN THANH TRUNG 2004"
  075205001406  HOTEN="LƯƠNG NGUYỄN VĂN HUY"  thư mục="LOC A LONG"

SQL: D:\Code\ppv2app\scripts\out\relink-edit.sql
CSV: D:\Code\ppv2app\scripts\out\relink-edit.csv
