
==================================================
 MỞ TRÌNH DUYỆT: https://www.microsoft.com/link
 NHẬP MÃ       : E462NQ8K
 (đăng nhập tài khoản OneDrive chứa thư mục ảnh)
==================================================

Tài khoản OneDrive: Xuân Hoàng
Đang đọc thư mục "HINH" ...
Tìm thấy 278 thư mục con.
  20/278
  40/278
  60/278
  80/278
  100/278
  120/278
  140/278
  160/278
  180/278
  200/278
  220/278
  240/278
  260/278
  278/278

Đã tạo 278 link edit.
SQL: D:\Code\ppv2app\scripts\out\update-linkfolder.sql
CSV: D:\Code\ppv2app\scripts\out\onedrive-edit-links.csv
